// Jest Snapshot v1, https://goo.gl/fbAQLP

exports[`<Button /> should match snap shot  1`] = `
.c0 {
  min-height: 60px;
  display: flex;
  align-items: center;
  justify-content: center;
}

.c1 {
  width: 50%;
  padding: 15px;
  cursor: pointer;
  margin-bottom: 50px;
  transition: all 300ms ease-in-out;
  border-radius: 10px;
  font-size: 1.2rem;
  text-transform: uppercase;
}

.c1:hover {
  background-color: aquamarine;
}

.c1:disabled {
  background-color: gray;
  cursor: not-allowed;
}

<div>
  <div
    class="c0"
  >
    <button
      class="c1"
    >
      Load more
    </button>
  </div>
</div>
`;
