// Jest Snapshot v1, https://goo.gl/fbAQLP

exports[`<PostCard /> shuld match snapshot 1`] = `
.c0 {
  background-color: #cecece;
  box-shadow: 0px 0px 10px rgba(255, 255, 255, .4 );
  border-radius: 10px;
  margin: 1rem 0;
  transition: all 300ms ease-in-out;
  max-width: 50vh;
}

.c0:hover {
  transform: scale(1.05);
}

.c1 {
  padding: 1.5rem;
}

.c3 {
  font-size: 2.3rem;
}

.c4 {
  text-align: justify;
  font-size: 1.3rem;
}

.c2 {
  width: 100%;
}

<section
  class="c0"
>
  <div
    class="c1"
  >
    <img
      class="c2"
    />
    <h1
      class="c3"
    />
    <p
      class="c4"
    />
  </div>
</section>
`;
